# Paddington log started at 2026-01-25 16:04:36.179054
2026-01-25 16:04:36 [USER] optimize:52 DRY-RUN MODE: No changes will be made
2026-01-25 16:04:36 [USER] optimize:75 Found 1 object files
2026-01-25 16:04:36 [USER] optimize:240 Optimization complete: 1 changes applied
2026-01-25 16:04:36 [USER] optimize:280 
2026-01-25 16:04:36 [USER] optimize:280 ================================================================================
2026-01-25 16:04:36 [USER] optimize:280 PADDINGTON OPTIMIZATION SUMMARY
2026-01-25 16:04:36 [USER] optimize:280 ================================================================================
2026-01-25 16:04:36 [USER] optimize:280 
2026-01-25 16:04:36 [USER] optimize:280 Total structs analyzed: 3
2026-01-25 16:04:36 [USER] optimize:280 Patches created: 1
2026-01-25 16:04:36 [USER] optimize:280 Structs optimized: 2
2026-01-25 16:04:36 [USER] optimize:280 Structs skipped: 1
2026-01-25 16:04:36 [USER] optimize:280 Total padding saved: 0 bytes
2026-01-25 16:04:36 [USER] optimize:280 
2026-01-25 16:04:36 [USER] optimize:280 SKIP REASONS:
2026-01-25 16:04:36 [USER] optimize:280       1 - only 1 member(s)
2026-01-25 16:04:36 [USER] optimize:280 
2026-01-25 16:04:36 [USER] optimize:280 ================================================================================
2026-01-25 16:04:36 [USER] optimize:280 
2026-01-25 16:04:36 [USER] optimize:293 SKIPPED B: only 1 member(s)
